
PS F:\docker\DockerDesktop\code> docker run --name mongo -d mongo
Unable to find image 'mongo:latest' locally
latest: Pulling from library/mongo
d7c3167c320d: Pull complete
131f805ec7fd: Pull complete
322ed380e680: Pull complete
6ac240b13098: Pull complete
c5704a01b59f: Pull complete
8e396e2a1e68: Pull complete
914fffcb1cc5: Pull complete
692bd0d35810: Pull complete
122d231765e4: Pull complete
9c9c497305ce: Pull complete
77e3ca7a65fc: Pull complete
f70e0d9672b4: Pull complete
dcc04aade5db: Pull complete
Digest: sha256:29805e9a6fc2a233b9b633c7b0f382a43df3f119522b82366a72abecb302a793
Status: Downloaded newer image for mongo:latest
9964838b1d2070973ebb3372d613e3ffec56bed7c29d32a124c050d1684ea02e

PS F:\docker\DockerDesktop\code> docker ps
CONTAINER ID        IMAGE               COMMAND                  CREATED             STATUS              PORTS               NAMES
9964838b1d20        mongo               "docker-entrypoint.s…"   7 minutes ago       Up 7 minutes        27017/tcp           mongo
PS F:\docker\DockerDesktop\code> docker top mongo
PID                 USER                TIME                COMMAND
2251                999                 0:03                mongod --bind_ip_all

PS F:\docker\DockerDesktop\code> docker ps
CONTAINER ID        IMAGE               COMMAND                  CREATED             STATUS              PORTS               NAMES
9964838b1d20        mongo               "docker-entrypoint.s…"   13 minutes ago      Up 13 minutes       27017/tcp           mongo
PS F:\docker\DockerDesktop\code> docker stop mongo
mongo
PS F:\docker\DockerDesktop\code> docker ps
CONTAINER ID        IMAGE               COMMAND             CREATED             STATUS              PORTS               NAMES

PS F:\docker\DockerDesktop\code> docker top mongo
Error response from daemon: Container 9964838b1d2070973ebb3372d613e3ffec56bed7c29d32a124c050d1684ea02e is not running
PS F:\docker\DockerDesktop\code> docker container run -d -p 3306:3306 --name db -e MYSQL_RANDOM_ROOT_PASSWORD=yes MYSQL_RANDOM_ROOT_PASSWORD

PS F:\docker\DockerDesktop\code> docker images
REPOSITORY          TAG                 IMAGE ID            CREATED             SIZE
mongo               latest              2b2cc1f48aed        2 weeks ago         388MB
nginx               latest              2622e6cca7eb        3 weeks ago         132MB
hello-world         latest              bf756fb1ae65        6 months ago        13.3kB
PS F:\docker\DockerDesktop\code>
PS F:\docker\DockerDesktop\code>

PS F:\docker\DockerDesktop\code> docker container run -d -p 3306:3306 --name db -e MYSQL_RANDOM_ROOT_PASSWORD=yes mysql
Unable to find image 'mysql:latest' locally
latest: Pulling from library/mysql
8559a31e96f4: Already exists
d51ce1c2e575: Pull complete
c2344adc4858: Pull complete
fcf3ceff18fc: Pull complete
16da0c38dc5b: Pull complete
b905d1797e97: Pull complete
4b50d1c6b05c: Pull complete
c75914a65ca2: Pull complete
1ae8042bdd09: Pull complete
453ac13c00a3: Pull complete
9e680cd72f08: Pull complete
a6b5dc864b6c: Pull complete
Digest: sha256:8b7b328a7ff6de46ef96bcf83af048cb00a1c86282bfca0cb119c84568b4caf6
Status: Downloaded newer image for mysql:latest
3fef4d01f40e47d6886c5656ee3f43128aa60eb85b1ea25c018bf0baccc7d0e5
C:\Program Files\Docker\Docker\resources\bin\docker.exe: Error response from daemon: Ports are not available: listen tcp 0.0.0.0:3306: bind: Only one usage of each socket address (protocol/network address/port) is normally permitted.
PS F:\docker\DockerDesktop\code> docker container logs db
PS F:\docker\DockerDesktop\code> docker container logs db
PS F:\docker\DockerDesktop\code> docker container run -d --name webserver -p 8080:80 httpd
Unable to find image 'httpd:latest' locally
latest: Pulling from library/httpd
8559a31e96f4: Already exists
bd517d441028: Pull complete
f67007e59c3c: Pull complete
83c578481926: Pull complete
f3cbcb88690d: Pull complete
Digest: sha256:387f896f9b6867c7fa543f7d1a686b0ebe777ed13f6f11efc8b94bec743a1e51
Status: Downloaded newer image for httpd:latest
35e0dfa17c6f92503da422ddbd2e3e744f455f184839b6a99464a55795086a09
PS F:\docker\DockerDesktop\code> docker ps
CONTAINER ID        IMAGE               COMMAND              CREATED             STATUS              PORTS                  NAMES
35e0dfa17c6f        httpd               "httpd-foreground"   30 seconds ago      Up 26 seconds       0.0.0.0:8080->80/tcp   webserver
PS F:\docker\DockerDesktop\code> docker container run -d --name proxy -p 80:80 nginx
2733f79562a5ade0e835b1e0e96decf90bf333fee7ec3dbcf61ee89973e35d29
PS F:\docker\DockerDesktop\code> docker ps
CONTAINER ID        IMAGE               COMMAND                  CREATED              STATUS              PORTS                  NAMES
2733f79562a5        nginx               "/docker-entrypoint.…"   6 seconds ago        Up 4 seconds        0.0.0.0:80->80/tcp     proxy
35e0dfa17c6f        httpd               "httpd-foreground"       About a minute ago   Up About a minute   0.0.0.0:8080->80/tcp   webserver
PS F:\docker\DockerDesktop\code> docker container run -d -p 3306:3306 --name db -e MYSQL_RANDOM_ROOT_PASSWORD=yes mysql
C:\Program Files\Docker\Docker\resources\bin\docker.exe: Error response from daemon: Conflict. The container name "/db" is already in use by container "3fef4d01f40e47d6886c5656ee3f43128aa60eb85b1ea25c018bf0baccc7d0e5". You have to remove (or rename) that container to be able to reuse that name.
See 'C:\Program Files\Docker\Docker\resources\bin\docker.exe run --help'.

PS F:\docker\DockerDesktop\code> docker container stop
"docker container stop" requires at least 1 argument.
See 'docker container stop --help'.

Usage:  docker container stop [OPTIONS] CONTAINER [CONTAINER...]

Stop one or more running containers
PS F:\docker\DockerDesktop\code> docker container stop TAB COMPLETION
Error response from daemon: No such container: TAB
Error response from daemon: No such container: COMPLETION
PS F:\docker\DockerDesktop\code> docker container ls
CONTAINER ID        IMAGE               COMMAND                  CREATED             STATUS              PORTS                  NAMES
2733f79562a5        nginx               "/docker-entrypoint.…"   14 minutes ago      Up 14 minutes       0.0.0.0:80->80/tcp     proxy
35e0dfa17c6f        httpd               "httpd-foreground"       15 minutes ago      Up 15 minutes       0.0.0.0:8080->80/tcp   webserver
PS F:\docker\DockerDesktop\code> docker container 2733f79562a5

Usage:  docker container COMMAND

Manage containers

Commands:
  attach      Attach local standard input, output, and error streams to a running container
  commit      Create a new image from a container's changes
  cp          Copy files/folders between a container and the local filesystem
  create      Create a new container
  diff        Inspect changes to files or directories on a container's filesystem
  exec        Run a command in a running container
  export      Export a container's filesystem as a tar archive
  inspect     Display detailed information on one or more containers
  kill        Kill one or more running containers
  logs        Fetch the logs of a container
  ls          List containers
  pause       Pause all processes within one or more containers
  port        List port mappings or a specific mapping for the container
  prune       Remove all stopped containers
  rename      Rename a container
  restart     Restart one or more containers
  rm          Remove one or more containers
  run         Run a command in a new container
  start       Start one or more stopped containers
  stats       Display a live stream of container(s) resource usage statistics
  stop        Stop one or more running containers
  top         Display the running processes of a container
  unpause     Unpause all processes within one or more containers
  update      Update configuration of one or more containers
  wait        Block until one or more containers stop, then print their exit codes

Run 'docker container COMMAND --help' for more information on a command.
PS F:\docker\DockerDesktop\code> docker container stop 2733f79562a5
2733f79562a5
PS F:\docker\DockerDesktop\code> docker container stop 35e0dfa17c6f
35e0dfa17c6f
PS F:\docker\DockerDesktop\code> docker container ls
CONTAINER ID        IMAGE               COMMAND             CREATED             STATUS              PORTS               NAMES
PS F:\docker\DockerDesktop\code> docker ps -a
CONTAINER ID        IMAGE               COMMAND                  CREATED             STATUS                          PORTS               NAMES
2733f79562a5        nginx               "/docker-entrypoint.…"   16 minutes ago      Exited (0) About a minute ago                       proxy
35e0dfa17c6f        httpd               "httpd-foreground"       18 minutes ago      Exited (0) About a minute ago                       webserver
3fef4d01f40e        mysql               "docker-entrypoint.s…"   33 minutes ago      Created                                             db
9964838b1d20        mongo               "docker-entrypoint.s…"   2 hours ago         Exited (0) About an hour ago                        mongo
30af11555cb9        nginx               "/docker-entrypoint.…"   23 hours ago        Exited (0) 23 hours ago                             sad_wescoff
9697a51ecb53        hello-world         "/hello"                 25 hours ago        Exited (0) 25 hours ago                             quirky_spence
PS F:\docker\DockerDesktop\code> docker container stop 35e0dfa17c6f
35e0dfa17c6f
PS F:\docker\DockerDesktop\code> docker ps -a
CONTAINER ID        IMAGE               COMMAND                  CREATED             STATUS                          PORTS               NAMES
2733f79562a5        nginx               "/docker-entrypoint.…"   17 minutes ago      Exited (0) 2 minutes ago                            proxy
35e0dfa17c6f        httpd               "httpd-foreground"       18 minutes ago      Exited (0) About a minute ago                       webserver
3fef4d01f40e        mysql               "docker-entrypoint.s…"   34 minutes ago      Created                                             db
9964838b1d20        mongo               "docker-entrypoint.s…"   2 hours ago         Exited (0) About an hour ago                        mongo
30af11555cb9        nginx               "/docker-entrypoint.…"   23 hours ago        Exited (0) 23 hours ago                             sad_wescoff
9697a51ecb53        hello-world         "/hello"                 25 hours ago        Exited (0) 25 hours ago                             quirky_spence
PS F:\docker\DockerDesktop\code> docker container stop 3fef4d01f40e
3fef4d01f40e
PS F:\docker\DockerDesktop\code> docker ps -a
CONTAINER ID        IMAGE               COMMAND                  CREATED             STATUS                         PORTS               NAMES
2733f79562a5        nginx               "/docker-entrypoint.…"   17 minutes ago      Exited (0) 3 minutes ago                           proxy
35e0dfa17c6f        httpd               "httpd-foreground"       19 minutes ago      Exited (0) 2 minutes ago                           webserver
3fef4d01f40e        mysql               "docker-entrypoint.s…"   34 minutes ago      Created                                            db
9964838b1d20        mongo               "docker-entrypoint.s…"   2 hours ago         Exited (0) About an hour ago                       mongo
30af11555cb9        nginx               "/docker-entrypoint.…"   23 hours ago        Exited (0) 23 hours ago                            sad_wescoff
9697a51ecb53        hello-world         "/hello"                 25 hours ago        Exited (0) 25 hours ago                            quirky_spence
PS F:\docker\DockerDesktop\code> docker ps -a
CONTAINER ID        IMAGE               COMMAND                  CREATED             STATUS                         PORTS               NAMES
2733f79562a5        nginx               "/docker-entrypoint.…"   18 minutes ago      Exited (0) 3 minutes ago                           proxy
35e0dfa17c6f        httpd               "httpd-foreground"       19 minutes ago      Exited (0) 2 minutes ago                           webserver
3fef4d01f40e        mysql               "docker-entrypoint.s…"   34 minutes ago      Created                                            db
9964838b1d20        mongo               "docker-entrypoint.s…"   2 hours ago         Exited (0) About an hour ago                       mongo
30af11555cb9        nginx               "/docker-entrypoint.…"   23 hours ago        Exited (0) 23 hours ago                            sad_wescoff
9697a51ecb53        hello-world         "/hello"                 25 hours ago        Exited (0) 25 hours ago                            quirky_spence
PS F:\docker\DockerDesktop\code> docker ps -a
CONTAINER ID        IMAGE               COMMAND                  CREATED             STATUS                         PORTS               NAMES
2733f79562a5        nginx               "/docker-entrypoint.…"   20 minutes ago      Exited (0) 5 minutes ago                           proxy
35e0dfa17c6f        httpd               "httpd-foreground"       21 minutes ago      Exited (0) 5 minutes ago                           webserver
3fef4d01f40e        mysql               "docker-entrypoint.s…"   37 minutes ago      Created                                            db
9964838b1d20        mongo               "docker-entrypoint.s…"   2 hours ago         Exited (0) About an hour ago                       mongo
30af11555cb9        nginx               "/docker-entrypoint.…"   23 hours ago        Exited (0) 23 hours ago                            sad_wescoff
9697a51ecb53        hello-world         "/hello"                 25 hours ago        Exited (0) 25 hours ago                            quirky_spence
PS F:\docker\DockerDesktop\code> docker container stop 3fef4d01f40e
3fef4d01f40e
PS F:\docker\DockerDesktop\code> docker container stop 3fef4d01f40e
3fef4d01f40e
PS F:\docker\DockerDesktop\code> docker container stop 3fef4d01f40e
3fef4d01f40e
PS F:\docker\DockerDesktop\code> docker ps -a
CONTAINER ID        IMAGE               COMMAND                  CREATED             STATUS                         PORTS               NAMES
2733f79562a5        nginx               "/docker-entrypoint.…"   21 minutes ago      Exited (0) 6 minutes ago                           proxy
35e0dfa17c6f        httpd               "httpd-foreground"       22 minutes ago      Exited (0) 5 minutes ago                           webserver
3fef4d01f40e        mysql               "docker-entrypoint.s…"   38 minutes ago      Created                                            db
9964838b1d20        mongo               "docker-entrypoint.s…"   2 hours ago         Exited (0) About an hour ago                       mongo
30af11555cb9        nginx               "/docker-entrypoint.…"   23 hours ago        Exited (0) 23 hours ago                            sad_wescoff
9697a51ecb53        hello-world         "/hello"                 25 hours ago        Exited (0) 25 hours ago                            quirky_spence
PS F:\docker\DockerDesktop\code> docker container ls -a
CONTAINER ID        IMAGE               COMMAND                  CREATED             STATUS                         PORTS               NAMES
2733f79562a5        nginx               "/docker-entrypoint.…"   21 minutes ago      Exited (0) 6 minutes ago                           proxy
35e0dfa17c6f        httpd               "httpd-foreground"       23 minutes ago      Exited (0) 6 minutes ago                           webserver
3fef4d01f40e        mysql               "docker-entrypoint.s…"   38 minutes ago      Created                                            db
9964838b1d20        mongo               "docker-entrypoint.s…"   2 hours ago         Exited (0) About an hour ago                       mongo
30af11555cb9        nginx               "/docker-entrypoint.…"   23 hours ago        Exited (0) 23 hours ago                            sad_wescoff
9697a51ecb53        hello-world         "/hello"                 25 hours ago        Exited (0) 25 hours ago                            quirky_spence
PS F:\docker\DockerDesktop\code>
PS F:\docker\DockerDesktop\code> docker container rm 3fef4d01f40e
3fef4d01f40e
PS F:\docker\DockerDesktop\code> docker container rm 2733f79562a5
2733f79562a5
PS F:\docker\DockerDesktop\code> docker container rm 35e0dfa17c6f
35e0dfa17c6f
PS F:\docker\DockerDesktop\code> docker container ls -a
CONTAINER ID        IMAGE               COMMAND                  CREATED             STATUS                    PORTS               NAMES
9964838b1d20        mongo               "docker-entrypoint.s…"   2 hours ago         Exited (0) 2 hours ago                        mongo
30af11555cb9        nginx               "/docker-entrypoint.…"   23 hours ago        Exited (0) 23 hours ago                       sad_wescoff
9697a51ecb53        hello-world         "/hello"                 25 hours ago        Exited (0) 25 hours ago                       quirky_spence
PS F:\docker\DockerDesktop\code> docker container rm 30af11555cb9
30af11555cb9
PS F:\docker\DockerDesktop\code> docker container rm 9964838b1d20
9964838b1d20
PS F:\docker\DockerDesktop\code> docker container ls -a
CONTAINER ID        IMAGE               COMMAND             CREATED             STATUS                    PORTS               NAMES
9697a51ecb53        hello-world         "/hello"            25 hours ago        Exited (0) 25 hours ago                       quirky_spence
PS F:\docker\DockerDesktop\code>
PS F:\docker\DockerDesktop\code> docker container run -d --name proxy -p 80:80 nginx
5b94c52b7982ffe843475ff9a06bf23f5de4ba1497cad30332755838cac37867
PS F:\docker\DockerDesktop\code> docker container run -d --name webserver -p 8080:80 httpd
6965f320005754d38c87636a019b234701db393b1f9d602cf5ebb0a40a071802
PS F:\docker\DockerDesktop\code> docker container top nginx
Error response from daemon: No such container: nginx
PS F:\docker\DockerDesktop\code> docker container ls
CONTAINER ID        IMAGE               COMMAND                  CREATED             STATUS              PORTS                  NAMES
6965f3200057        httpd               "httpd-foreground"       2 minutes ago       Up 2 minutes        0.0.0.0:8080->80/tcp   webserver
5b94c52b7982        nginx               "/docker-entrypoint.…"   3 minutes ago       Up 3 minutes        0.0.0.0:80->80/tcp     proxy
PS F:\docker\DockerDesktop\code> docker container top nginx
Error response from daemon: No such container: nginx
PS F:\docker\DockerDesktop\code> docker ps -a
CONTAINER ID        IMAGE               COMMAND                  CREATED             STATUS                    PORTS                  NAMES
6965f3200057        httpd               "httpd-foreground"       3 minutes ago       Up 3 minutes              0.0.0.0:8080->80/tcp   webserver
5b94c52b7982        nginx               "/docker-entrypoint.…"   4 minutes ago       Up 4 minutes              0.0.0.0:80->80/tcp     proxy
9697a51ecb53        hello-world         "/hello"                 25 hours ago        Exited (0) 25 hours ago                          quirky_spence
PS F:\docker\DockerDesktop\code> docker container top nginx
Error response from daemon: No such container: nginx
PS F:\docker\DockerDesktop\code> docker container top httpd
Error response from daemon: No such container: httpd
